PHPUnit 11.5.55 by Sebastian Bergmann and contributors.

Unknown option "--without-tty"
